### Pretty printing AST ###
def fun(*args):
    return 1
    

