### Pretty printing AST ###
"foobarbarfoo"
"foobar"

