### Pretty printing AST ###
while 1:
    break
    

