### Pretty printing AST ###
1 < 2 > 3 == 3 >= 5 <= 4 != 20 in 20 not in 1 is 1 is not 42

