### Pretty printing AST ###
11 // 2 * 13 / 4 % 4 ; 

