### Pretty printing AST ###
foo()
bar()
boo(1,2)
far("test","bar",1,1)

