### Pretty printing AST ###
def print():
    return 1
    
def foo(bar,a = 1,x = 1):
    print(bar,a,x)
    
foo("Foo")

