### Pretty printing AST ###
def foo(bar):
    return bar
    
def bar(foo):
    yield 1
    

