### Pretty printing AST ###
def my_fun():
    if 1:
        x = 1
        
    
    

