### Pretty printing AST ###
1 and 2 and 3 and 4 ; 

