### Pretty printing AST ###
1 ^ 2 ^ 3 ^ 4 ^ 5 ; 

