### Pretty printing AST ###
1 + 1
1 / 1
1 * 1
1 - 1
1 % 1
1 // 1
1 >> 1
1 << 1
1 & 1
1 and 1
1 or 1
1 ** 1
- 1
+ 1
~ 1
1 ^ 1

