### Pretty printing AST ###
~ 1 ; 
- 1 ; 
+ 1 ; 
+ - + - + - + - ~ 1 ; 
~ ~ ~ ~ ~ ~ ~ ~ ~ 1 ; 
- - - - - 1 ; 
+ + + + + 1 ; 
~ ~ ~ ~ + + + + - - - - 1 ; 

