### Pretty printing AST ###
while 1:
    1 + 1
    
if 1:
    while 1:
        1 + 1
        2 + 2
        
    
else:
    3 + 3
    4 + 4
    
