### Pretty printing AST ###
def e():
    lol = "1" + "2"
    

def __init():
    e()
    

