### Pretty printing AST ###
def fun(a,b,c,d,e):
    return 1
    

