### Pretty printing AST ###
def fun(a,b,c):
    return 1
    

