### Pretty printing AST ###
def fun(a,b,c = 1):
    return 1
    
fun(1,2,1)

