### Pretty printing AST ###
def fun(a,b,c):
    return 1
    
fun(1,2,1)

