### Pretty printing AST ###
def fun(d = 1):
    return 1
    
fun(1)

