Your Name: Hello! 
Welcome, Repy 

To find the area of a rectangle, 
enter the width and height below. 

Width: Height: Width = 20  Height = 32  so Area = 640 
